usage: run_batch_of_slides.py [-h] [--gpu GPU] [--gpus GPUS [GPUS ...]]
                              [--task {seg,coords,feat,all}] --job_dir JOB_DIR
                              [--skip_errors] [--clear_dead_locks]
                              [--dead_lock_max_age_hours DEAD_LOCK_MAX_AGE_HOURS]
                              [--max_workers MAX_WORKERS]
                              [--batch_size BATCH_SIZE]
                              [--wsi_cache WSI_CACHE]
                              [--cache_batch_size CACHE_BATCH_SIZE] --wsi_dir
                              WSI_DIR [--wsi_ext WSI_EXT [WSI_EXT ...]]
                              [--custom_mpp_keys CUSTOM_MPP_KEYS [CUSTOM_MPP_KEYS ...]]
                              [--custom_list_of_wsis CUSTOM_LIST_OF_WSIS]
                              [--reader_type {openslide,image,cucim,sdpc,omezarr,czi}]
                              [--search_nested]
                              [--segmenter {hest,grandqc,otsu}]
                              [--seg_conf_thresh SEG_CONF_THRESH]
                              [--remove_holes] [--remove_artifacts]
                              [--remove_penmarks]
                              [--seg_batch_size SEG_BATCH_SIZE] [--mag MAG]
                              [--patch_size PATCH_SIZE] [--overlap OVERLAP]
                              [--min_tissue_proportion MIN_TISSUE_PROPORTION]
                              [--coords_dir COORDS_DIR] [--dump_patches]
                              [--dump_patches_max DUMP_PATCHES_MAX]
                              [--dump_patches_format {png,jpg}]
                              [--dump_patches_jpeg_quality DUMP_PATCHES_JPEG_QUALITY]
                              [--patch_encoder {conch_v1,conch_v15,uni_v1,uni_v2,ctranspath,phikon,phikon_v2,resnet50,keep,gigapath,gigapath-flash,virchow,virchow2,virchow2-cls,hoptimus0,hoptimus1,h0-mini,musk,openmidnight,gpfm,hibou_l,kaiko-vitb8,kaiko-vitb16,kaiko-vits8,kaiko-vits16,kaiko-vitl14,lunit-vits8,midnight12k,phaet,mascaret,genbio-pathfm,gemma4-e4b,gemma4-26b}]
                              [--patch_encoder_ckpt_path PATCH_ENCODER_CKPT_PATH]
                              [--patch_encoder_img_size PATCH_ENCODER_IMG_SIZE]
                              [--slide_encoder {threads,titan,prism,prism2,chief,gigapath,gigapath-flash,madeleine,feather,feather_uni_v2,care,abmil,mean-conch_v1,mean-conch_v15,mean-uni_v1,mean-uni_v2,mean-ctranspath,mean-phikon,mean-resnet50,mean-gigapath,mean-gigapath-flash,mean-virchow,mean-virchow2,mean-virchow2-cls,mean-hoptimus0,mean-phikon_v2,mean-phaet,mean-mascaret,mean-musk,mean-hibou_l,mean-kaiko-vit8s,mean-kaiko-vit16s,mean-kaiko-vit8b,mean-kaiko-vit16b,mean-kaiko-vit14l}]
                              [--feat_batch_size FEAT_BATCH_SIZE]
run_batch_of_slides.py: error: argument --patch_encoder: invalid choice: 'uni2h' (choose from 'conch_v1', 'conch_v15', 'uni_v1', 'uni_v2', 'ctranspath', 'phikon', 'phikon_v2', 'resnet50', 'keep', 'gigapath', 'gigapath-flash', 'virchow', 'virchow2', 'virchow2-cls', 'hoptimus0', 'hoptimus1', 'h0-mini', 'musk', 'openmidnight', 'gpfm', 'hibou_l', 'kaiko-vitb8', 'kaiko-vitb16', 'kaiko-vits8', 'kaiko-vits16', 'kaiko-vitl14', 'lunit-vits8', 'midnight12k', 'phaet', 'mascaret', 'genbio-pathfm', 'gemma4-e4b', 'gemma4-26b')
Done: Thu Sep 17 15:38:39 EDT 2026
